------------------------------------------------------------
Timing Analyzer Summary
------------------------------------------------------------

Type  : Slow 1100mV 85C Model Setup 'CLOCK_50_B6A'
Slack : -0.202
TNS   : -0.596

Type  : Slow 1100mV 85C Model Hold 'CLOCK_50_B6A'
Slack : 0.389
TNS   : 0.000

Type  : Slow 1100mV 85C Model Minimum Pulse Width 'CLOCK_50_B6A'
Slack : -0.538
TNS   : -3.108

Type  : Slow 1100mV 0C Model Setup 'CLOCK_50_B6A'
Slack : -0.244
TNS   : -0.607

Type  : Slow 1100mV 0C Model Hold 'CLOCK_50_B6A'
Slack : 0.369
TNS   : 0.000

Type  : Slow 1100mV 0C Model Minimum Pulse Width 'CLOCK_50_B6A'
Slack : -0.538
TNS   : -3.100

Type  : Fast 1100mV 85C Model Setup 'CLOCK_50_B6A'
Slack : 0.374
TNS   : 0.000

Type  : Fast 1100mV 85C Model Hold 'CLOCK_50_B6A'
Slack : 0.186
TNS   : 0.000

Type  : Fast 1100mV 85C Model Minimum Pulse Width 'CLOCK_50_B6A'
Slack : -0.370
TNS   : -2.013

Type  : Fast 1100mV 0C Model Setup 'CLOCK_50_B6A'
Slack : 0.420
TNS   : 0.000

Type  : Fast 1100mV 0C Model Hold 'CLOCK_50_B6A'
Slack : 0.169
TNS   : 0.000

Type  : Fast 1100mV 0C Model Minimum Pulse Width 'CLOCK_50_B6A'
Slack : -0.413
TNS   : -2.538

------------------------------------------------------------
